   Compiling recursion v0.1.0 (/Users/dendisuhubdy/rand-worktrees/circuits-rate4/recursion)
warning: unused import: `ShapeKey`
  --> src/witness.rs:24:54
   |
24 | use crate::shape::{InnerKey, InnerShape, ProofBatch, ShapeKey, VerifierShape, CAP_HEIGHT};
   |                                                      ^^^^^^^^
   |
   = note: `#[warn(unused_imports)]` (part of `#[warn(unused)]`) on by default

warning: `recursion` (lib) generated 1 warning
    Finished `release` profile [optimized] target(s) in 9.79s
     Running tests/memprofile.rs (target/release/deps/memprofile-64bd9d353e4f043f)

running 1 test
[      0.1s] + with_zero_cols                             live    0.14 GB  peak    0.15 GB
[      0.1s] - with_zero_cols                             live    0.15 GB  peak    0.15 GB  Δlive   +0.00 GB       0.0 s
[      0.1s] + with_zero_cols                             live    0.14 GB  peak    0.15 GB
[      0.1s] - with_zero_cols                             live    0.14 GB  peak    0.15 GB  Δlive   +0.00 GB       0.0 s
[      0.1s] + coset_lde_batch_with_transform             live    0.14 GB  peak    0.15 GB
[      0.1s]   + reverse_matrix_index_bits                  live    0.15 GB  peak    0.15 GB
[      0.1s]   - reverse_matrix_index_bits                  live    0.15 GB  peak    0.15 GB  Δlive   +0.00 GB       0.0 s
[      0.1s]   + first_half                                 live    0.15 GB  peak    0.15 GB
[      0.1s]   - first_half                                 live    0.15 GB  peak    0.15 GB  Δlive   +0.00 GB       0.0 s
[      0.1s]   + reverse_matrix_index_bits                  live    0.15 GB  peak    0.15 GB
[      0.1s]   - reverse_matrix_index_bits                  live    0.15 GB  peak    0.15 GB  Δlive   +0.00 GB       0.0 s
[      0.1s]   + second_half                                live    0.15 GB  peak    0.15 GB
[      0.1s]   - second_half                                live    0.15 GB  peak    0.15 GB  Δlive   +0.00 GB       0.0 s
[      0.1s]   + reserve_exact                              live    0.15 GB  peak    0.15 GB
[      0.1s]   - reserve_exact                              live    0.16 GB  peak    0.16 GB  Δlive   +0.01 GB       0.0 s
[      0.1s]   + coset_dft_oop                              live    0.16 GB  peak    0.16 GB
[      0.1s]   - coset_dft_oop                              live    0.16 GB  peak    0.16 GB  Δlive   +0.00 GB       0.0 s
[      0.1s]   + coset_dft_oop                              live    0.16 GB  peak    0.16 GB
[      0.1s]   - coset_dft_oop                              live    0.16 GB  peak    0.16 GB  Δlive   +0.00 GB       0.0 s
[      0.1s]   + coset_dft_oop                              live    0.16 GB  peak    0.16 GB
[      0.1s]   - coset_dft_oop                              live    0.16 GB  peak    0.16 GB  Δlive   +0.00 GB       0.0 s
[      0.1s]   + coset_dft                                  live    0.16 GB  peak    0.16 GB
[      0.1s]   - coset_dft                                  live    0.16 GB  peak    0.16 GB  Δlive   +0.00 GB       0.0 s
[      0.1s] - coset_lde_batch_with_transform             live    0.16 GB  peak    0.16 GB  Δlive   +0.02 GB       0.0 s
[      0.1s] + coset_lde_batch_with_transform             live    0.16 GB  peak    0.16 GB
[      0.1s]   + reverse_matrix_index_bits                  live    0.16 GB  peak    0.16 GB
[      0.1s]   - reverse_matrix_index_bits                  live    0.16 GB  peak    0.16 GB  Δlive   +0.00 GB       0.0 s
[      0.1s]   + first_half                                 live    0.16 GB  peak    0.16 GB
[      0.1s]   - first_half                                 live    0.16 GB  peak    0.16 GB  Δlive   +0.00 GB       0.0 s
[      0.1s]   + reverse_matrix_index_bits                  live    0.16 GB  peak    0.16 GB
[      0.1s]   - reverse_matrix_index_bits                  live    0.16 GB  peak    0.16 GB  Δlive   +0.00 GB       0.0 s
[      0.1s]   + second_half                                live    0.16 GB  peak    0.16 GB
[      0.1s]   - second_half                                live    0.16 GB  peak    0.16 GB  Δlive   +0.00 GB       0.0 s
[      0.1s]   + reserve_exact                              live    0.16 GB  peak    0.16 GB
[      0.1s]   - reserve_exact                              live    0.16 GB  peak    0.16 GB  Δlive   +0.00 GB       0.0 s
[      0.1s]   + coset_dft_oop                              live    0.16 GB  peak    0.16 GB
[      0.1s]   - coset_dft_oop                              live    0.16 GB  peak    0.16 GB  Δlive   +0.00 GB       0.0 s
[      0.1s]   + coset_dft_oop                              live    0.16 GB  peak    0.16 GB
[      0.1s]   - coset_dft_oop                              live    0.16 GB  peak    0.16 GB  Δlive   +0.00 GB       0.0 s
[      0.1s]   + coset_dft_oop                              live    0.16 GB  peak    0.16 GB
[      0.1s]   - coset_dft_oop                              live    0.16 GB  peak    0.16 GB  Δlive   +0.00 GB       0.0 s
[      0.1s]   + coset_dft                                  live    0.16 GB  peak    0.16 GB
[      0.1s]   - coset_dft                                  live    0.16 GB  peak    0.16 GB  Δlive   +0.00 GB       0.0 s
[      0.1s] - coset_lde_batch_with_transform             live    0.16 GB  peak    0.16 GB  Δlive   +0.00 GB       0.0 s
[      0.6s] + build merkle tree                          live    0.18 GB  peak    0.18 GB
[      0.6s]   + first digest layer                         live    0.18 GB  peak    0.18 GB
[      0.7s]   - first digest layer                         live    0.20 GB  peak    0.20 GB  Δlive   +0.02 GB       0.0 s
[      0.7s] - build merkle tree                          live    0.21 GB  peak    0.21 GB  Δlive   +0.03 GB       0.1 s
[      0.7s] + infer constraint degree                    live    0.21 GB  peak    0.21 GB
[      0.7s]   + evaluate constraints symbolically          live    0.21 GB  peak    0.21 GB
[      0.7s]   - evaluate constraints symbolically          live    0.21 GB  peak    0.21 GB  Δlive   +0.00 GB       0.0 s
[      0.7s] - infer constraint degree                    live    0.21 GB  peak    0.21 GB  Δlive   +0.00 GB       0.0 s
[      0.7s] + infer constraint degree                    live    0.21 GB  peak    0.21 GB
[      0.7s]   + evaluate constraints symbolically          live    0.21 GB  peak    0.21 GB
[      0.7s]   - evaluate constraints symbolically          live    0.21 GB  peak    0.21 GB  Δlive   +0.00 GB       0.0 s
[      0.7s] - infer constraint degree                    live    0.21 GB  peak    0.21 GB  Δlive   +0.00 GB       0.0 s
[      0.7s] + infer constraint degree                    live    0.21 GB  peak    0.21 GB
[      0.7s]   + evaluate constraints symbolically          live    0.21 GB  peak    0.21 GB
[      0.7s]   - evaluate constraints symbolically          live    0.21 GB  peak    0.21 GB  Δlive   +0.00 GB       0.0 s
[      0.7s] - infer constraint degree                    live    0.21 GB  peak    0.21 GB  Δlive   +0.00 GB       0.0 s
[      0.7s] + infer constraint degree                    live    0.21 GB  peak    0.21 GB
[      0.7s]   + evaluate constraints symbolically          live    0.21 GB  peak    0.21 GB
[      0.7s]   - evaluate constraints symbolically          live    0.21 GB  peak    0.21 GB  Δlive   +0.00 GB       0.0 s
[      0.7s] - infer constraint degree                    live    0.21 GB  peak    0.21 GB  Δlive   +0.00 GB       0.0 s
[      0.7s] + infer constraint degree                    live    0.21 GB  peak    0.21 GB
[      0.7s]   + evaluate constraints symbolically          live    0.21 GB  peak    0.21 GB
[      0.7s]   - evaluate constraints symbolically          live    0.21 GB  peak    0.21 GB  Δlive   +0.00 GB       0.0 s
[      0.7s] - infer constraint degree                    live    0.21 GB  peak    0.21 GB  Δlive   +0.00 GB       0.0 s
[      0.7s] + infer constraint degree                    live    0.21 GB  peak    0.21 GB
[      0.7s]   + evaluate constraints symbolically          live    0.21 GB  peak    0.21 GB
[      0.7s]   - evaluate constraints symbolically          live    0.21 GB  peak    0.21 GB  Δlive   +0.00 GB       0.0 s
[      0.7s] - infer constraint degree                    live    0.21 GB  peak    0.21 GB  Δlive   +0.00 GB       0.0 s
[      0.7s] + infer constraint degree                    live    0.21 GB  peak    0.21 GB
[      0.7s]   + evaluate constraints symbolically          live    0.21 GB  peak    0.21 GB
[      0.7s]   - evaluate constraints symbolically          live    0.21 GB  peak    0.21 GB  Δlive   +0.00 GB       0.0 s
[      0.7s] - infer constraint degree                    live    0.21 GB  peak    0.21 GB  Δlive   +0.00 GB       0.0 s
[      0.7s] + prove_batch                                live    0.21 GB  peak    0.21 GB
[      0.7s]   + infer log of constraint degree             live    0.21 GB  peak    0.21 GB
[      0.7s]   - infer log of constraint degree             live    0.21 GB  peak    0.21 GB  Δlive   +0.00 GB       0.0 s
[      0.7s]   + infer log of constraint degree             live    0.21 GB  peak    0.21 GB
[      0.7s]   - infer log of constraint degree             live    0.21 GB  peak    0.21 GB  Δlive   +0.00 GB       0.0 s
[      0.7s]   + infer log of constraint degree             live    0.21 GB  peak    0.21 GB
[      0.7s]   - infer log of constraint degree             live    0.21 GB  peak    0.21 GB  Δlive   +0.00 GB       0.0 s
[      0.7s]   + infer log of constraint degree             live    0.21 GB  peak    0.21 GB
[      0.7s]   - infer log of constraint degree             live    0.21 GB  peak    0.21 GB  Δlive   +0.00 GB       0.0 s
[      0.7s]   + infer log of constraint degree             live    0.21 GB  peak    0.21 GB
[      0.7s]   - infer log of constraint degree             live    0.21 GB  peak    0.21 GB  Δlive   +0.00 GB       0.0 s
[      0.7s]   + infer log of constraint degree             live    0.21 GB  peak    0.21 GB
[      0.7s]   - infer log of constraint degree             live    0.21 GB  peak    0.21 GB  Δlive   +0.00 GB       0.0 s
[      0.7s]   + infer log of constraint degree             live    0.21 GB  peak    0.21 GB
[      0.7s]   - infer log of constraint degree             live    0.21 GB  peak    0.21 GB  Δlive   +0.00 GB       0.0 s
[      0.7s]   + randomize polys                            live    0.30 GB  peak    0.30 GB
[      2.6s]     - with_random_cols                           live    0.40 GB  peak    0.40 GB  Δlive   +0.09 GB       1.7 s
[      4.7s]   - randomize polys                            live    0.42 GB  peak    0.44 GB  Δlive   +0.12 GB       4.0 s
[      4.7s]   + coset_lde_batch_with_transform             live    0.42 GB  peak    0.44 GB
[      4.7s]   - coset_lde_batch_with_transform             live    0.45 GB  peak    0.45 GB  Δlive   +0.03 GB       0.0 s
[      4.7s]   + coset_lde_batch_with_transform             live    0.45 GB  peak    0.45 GB
[      4.8s]   - coset_lde_batch_with_transform             live    0.72 GB  peak    0.72 GB  Δlive   +0.28 GB       0.1 s
[      4.8s]   + coset_lde_batch_with_transform             live    0.72 GB  peak    0.72 GB
[      4.8s]   - coset_lde_batch_with_transform             live    0.83 GB  peak    0.83 GB  Δlive   +0.10 GB       0.0 s
[      4.8s]   + coset_lde_batch_with_transform             live    0.83 GB  peak    0.83 GB
[      4.8s]   - coset_lde_batch_with_transform             live    0.92 GB  peak    0.92 GB  Δlive   +0.09 GB       0.0 s
[      4.8s]   + coset_lde_batch_with_transform             live    0.92 GB  peak    0.92 GB
[      4.8s]   - coset_lde_batch_with_transform             live    1.06 GB  peak    1.06 GB  Δlive   +0.14 GB       0.0 s
[      4.8s]   + coset_lde_batch_with_transform             live    1.06 GB  peak    1.06 GB
[      4.8s]   - coset_lde_batch_with_transform             live    1.06 GB  peak    1.06 GB  Δlive   +0.00 GB       0.0 s
[      4.8s]   + coset_lde_batch_with_transform             live    1.06 GB  peak    1.06 GB
[      4.8s]   - coset_lde_batch_with_transform             live    1.06 GB  peak    1.06 GB  Δlive   +0.00 GB       0.0 s
[      4.9s]   + build merkle tree                          live    1.16 GB  peak    1.16 GB
[      6.2s]   - build merkle tree                          live    1.23 GB  peak    1.23 GB  Δlive   +0.07 GB       1.3 s
[      6.2s]   + generate lookup permutation                live    1.23 GB  peak    1.23 GB
[      6.2s]   - generate lookup permutation                live    1.24 GB  peak    1.24 GB  Δlive   +0.00 GB       0.0 s
[      6.2s]   + generate lookup permutation                live    1.23 GB  peak    1.24 GB
[      6.2s]   - generate lookup permutation                live    1.25 GB  peak    1.28 GB  Δlive   +0.02 GB       0.0 s
[      6.2s]   + generate lookup permutation                live    1.25 GB  peak    1.28 GB
[      6.2s]   - generate lookup permutation                live    1.26 GB  peak    1.28 GB  Δlive   +0.01 GB       0.0 s
[      6.2s]   + generate lookup permutation                live    1.26 GB  peak    1.28 GB
[      6.2s]   - generate lookup permutation                live    1.27 GB  peak    1.28 GB  Δlive   +0.01 GB       0.0 s
[      6.2s]   + generate lookup permutation                live    1.27 GB  peak    1.28 GB
[      6.2s]   - generate lookup permutation                live    1.27 GB  peak    1.28 GB  Δlive   +0.00 GB       0.0 s
[      6.2s]   + generate lookup permutation                live    1.27 GB  peak    1.28 GB
[      6.2s]   - generate lookup permutation                live    1.27 GB  peak    1.28 GB  Δlive   +0.00 GB       0.0 s
[      6.2s]   + generate lookup permutation                live    1.27 GB  peak    1.28 GB
[      6.2s]   - generate lookup permutation                live    1.27 GB  peak    1.28 GB  Δlive   +0.00 GB       0.0 s
[      6.2s]   + randomize polys                            live    1.27 GB  peak    1.28 GB
[      8.3s]   - randomize polys                            live    1.33 GB  peak    1.34 GB  Δlive   +0.06 GB       2.2 s
[      8.3s]   + coset_lde_batch_with_transform             live    1.33 GB  peak    1.34 GB
[      8.3s]   - coset_lde_batch_with_transform             live    1.36 GB  peak    1.36 GB  Δlive   +0.03 GB       0.0 s
[      8.3s]   + coset_lde_batch_with_transform             live    1.36 GB  peak    1.36 GB
[      8.4s]   - coset_lde_batch_with_transform             live    1.46 GB  peak    1.46 GB  Δlive   +0.11 GB       0.0 s
[      8.4s]   + coset_lde_batch_with_transform             live    1.46 GB  peak    1.46 GB
[      8.4s]   - coset_lde_batch_with_transform             live    1.54 GB  peak    1.54 GB  Δlive   +0.08 GB       0.0 s
[      8.4s]   + coset_lde_batch_with_transform             live    1.54 GB  peak    1.54 GB
[      8.4s]   - coset_lde_batch_with_transform             live    1.62 GB  peak    1.62 GB  Δlive   +0.08 GB       0.0 s
[      8.4s]   + coset_lde_batch_with_transform             live    1.62 GB  peak    1.62 GB
[      8.4s]   - coset_lde_batch_with_transform             live    1.64 GB  peak    1.64 GB  Δlive   +0.02 GB       0.0 s
[      8.4s]   + coset_lde_batch_with_transform             live    1.64 GB  peak    1.64 GB
[      8.4s]   - coset_lde_batch_with_transform             live    1.64 GB  peak    1.64 GB  Δlive   +0.00 GB       0.0 s
[      8.4s]   + coset_lde_batch_with_transform             live    1.64 GB  peak    1.64 GB
[      8.4s]   - coset_lde_batch_with_transform             live    1.64 GB  peak    1.64 GB  Δlive   +0.00 GB       0.0 s
[      8.5s]   + build merkle tree                          live    1.74 GB  peak    1.74 GB
[      9.2s]   - build merkle tree                          live    1.81 GB  peak    1.81 GB  Δlive   +0.07 GB       0.7 s
[      9.2s]   + compute quotient                           live    1.81 GB  peak    1.81 GB
[     10.0s] # sample  live    2.27 GB  peak    2.27 GB  rss    2.49 GB
[     11.2s]                             - first_half                                 live    2.27 GB  peak    2.27 GB  Δlive   +0.02 GB       1.9 s
[     11.2s]                             - compute quotient polynomial                live    2.23 GB  peak    2.27 GB  Δlive   +0.43 GB       2.0 s
[     11.2s]                             - compute quotient polynomial                live    2.24 GB  peak    2.27 GB  Δlive   +0.43 GB       2.0 s
[     11.2s]                             - batch_multiplicative_inverse               live    2.24 GB  peak    2.27 GB  Δlive   -0.00 GB       2.0 s
[     11.2s]                           - batch_multiplicative_inverse               live    2.24 GB  peak    2.27 GB  Δlive   +0.00 GB       2.0 s
[     11.2s]                         - Compute Selectors                          live    2.24 GB  peak    2.27 GB  Δlive   +0.43 GB       2.0 s
[     11.3s]                     - Compute Selectors                          live    2.25 GB  peak    2.27 GB  Δlive   +0.45 GB       2.2 s
[     11.5s]                   - compute quotient                           live    2.28 GB  peak    2.31 GB  Δlive   +0.48 GB       2.4 s
[     12.7s]                 - compute quotient polynomial                live    2.27 GB  peak    2.31 GB  Δlive   +0.47 GB       3.5 s
[     12.7s]               - compute quotient polynomial                live    2.28 GB  peak    2.31 GB  Δlive   +0.48 GB       3.5 s
[     12.7s]             - reverse_matrix_index_bits                  live    2.29 GB  peak    2.31 GB  Δlive   +0.05 GB       1.5 s
[     14.0s]             - compute quotient                           live    3.11 GB  peak    3.21 GB  Δlive   +1.31 GB       4.9 s
[     17.4s]               - compute quotient                           live    3.34 GB  peak    3.75 GB  Δlive   +1.54 GB       8.3 s
[     17.9s]         - coset_lde_batch_with_transform             live    3.34 GB  peak    3.75 GB  Δlive   -0.25 GB       1.0 s
[     20.0s] # sample  live    3.53 GB  peak    3.75 GB  rss    4.65 GB
[     20.4s]         - first_half                                 live    3.53 GB  peak    3.75 GB  Δlive   -0.00 GB       1.6 s
[     20.4s]         - compute quotient polynomial                live    3.49 GB  peak    3.75 GB  Δlive   +0.48 GB       7.3 s
[     20.6s]       - compute quotient                           live    3.29 GB  peak    3.75 GB  Δlive   +1.49 GB      11.5 s
[     24.7s]   - compute quotient                           live    2.41 GB  peak    3.83 GB  Δlive   +0.60 GB      15.6 s
[     24.8s]   + build merkle tree                          live    2.51 GB  peak    3.83 GB
[     25.7s]   - build merkle tree                          live    2.58 GB  peak    3.83 GB  Δlive   +0.07 GB       1.0 s
[     27.1s]   + coset_lde_batch_with_transform             live    2.62 GB  peak    3.83 GB
[     27.1s]   - coset_lde_batch_with_transform             live    2.63 GB  peak    3.83 GB  Δlive   +0.02 GB       0.0 s
[     27.1s]   + coset_lde_batch_with_transform             live    2.63 GB  peak    3.83 GB
[     27.1s]   - coset_lde_batch_with_transform             live    2.65 GB  peak    3.83 GB  Δlive   +0.02 GB       0.0 s
[     27.1s]   + coset_lde_batch_with_transform             live    2.65 GB  peak    3.83 GB
[     27.1s]   - coset_lde_batch_with_transform             live    2.69 GB  peak    3.83 GB  Δlive   +0.04 GB       0.0 s
[     27.1s]   + coset_lde_batch_with_transform             live    2.69 GB  peak    3.83 GB
[     27.1s]   - coset_lde_batch_with_transform             live    2.73 GB  peak    3.83 GB  Δlive   +0.04 GB       0.0 s
[     27.1s]   + coset_lde_batch_with_transform             live    2.73 GB  peak    3.83 GB
[     27.1s]   - coset_lde_batch_with_transform             live    2.73 GB  peak    3.83 GB  Δlive   +0.00 GB       0.0 s
[     27.1s]   + coset_lde_batch_with_transform             live    2.73 GB  peak    3.83 GB
[     27.1s]   - coset_lde_batch_with_transform             live    2.73 GB  peak    3.83 GB  Δlive   +0.00 GB       0.0 s
[     27.1s]   + coset_lde_batch_with_transform             live    2.73 GB  peak    3.83 GB
[     27.1s]   - coset_lde_batch_with_transform             live    2.73 GB  peak    3.83 GB  Δlive   +0.00 GB       0.0 s
[     27.2s]   + build merkle tree                          live    2.83 GB  peak    3.83 GB
[     27.6s]   - build merkle tree                          live    2.90 GB  peak    3.83 GB  Δlive   +0.07 GB       0.5 s
[     27.6s]   + compute_inverse_denominators               live    2.91 GB  peak    3.83 GB
[     27.6s]   - compute_inverse_denominators               live    2.95 GB  peak    3.83 GB  Δlive   +0.04 GB       0.0 s
[     27.6s]   + evaluate matrix                            live    3.00 GB  peak    3.83 GB
[     27.6s]   - evaluate matrix                            live    3.00 GB  peak    3.83 GB  Δlive   +0.00 GB       0.0 s
[     27.6s]   + evaluate matrix                            live    3.00 GB  peak    3.83 GB
[     27.6s]   - evaluate matrix                            live    3.00 GB  peak    3.83 GB  Δlive   +0.00 GB       0.0 s
[     27.6s]   + evaluate matrix                            live    3.00 GB  peak    3.83 GB
[     27.6s]   - evaluate matrix                            live    3.00 GB  peak    3.83 GB  Δlive   +0.00 GB       0.0 s
[     27.6s]   + evaluate matrix                            live    3.00 GB  peak    3.83 GB
[     27.6s]   - evaluate matrix                            live    3.00 GB  peak    3.83 GB  Δlive   +0.00 GB       0.0 s
[     27.6s]   + evaluate matrix                            live    3.00 GB  peak    3.83 GB
[     27.6s]   - evaluate matrix                            live    3.00 GB  peak    3.83 GB  Δlive   +0.00 GB       0.0 s
[     27.6s]   + evaluate matrix                            live    3.00 GB  peak    3.83 GB
[     27.6s]   - evaluate matrix                            live    3.00 GB  peak    3.83 GB  Δlive   +0.00 GB       0.0 s
[     27.6s]   + evaluate matrix                            live    3.00 GB  peak    3.83 GB
[     27.6s]   - evaluate matrix                            live    3.00 GB  peak    3.83 GB  Δlive   +0.00 GB       0.0 s
[     27.6s]   + evaluate matrix                            live    3.00 GB  peak    3.83 GB
[     27.6s]   - evaluate matrix                            live    3.00 GB  peak    3.83 GB  Δlive   +0.00 GB       0.0 s
[     27.6s]   + evaluate matrix                            live    3.00 GB  peak    3.83 GB
[     27.6s]   - evaluate matrix                            live    3.00 GB  peak    3.83 GB  Δlive   +0.00 GB       0.0 s
[     27.6s]   + evaluate matrix                            live    3.00 GB  peak    3.83 GB
[     27.6s]   - evaluate matrix                            live    3.00 GB  peak    3.83 GB  Δlive   +0.00 GB       0.0 s
[     27.6s]   + evaluate matrix                            live    3.00 GB  peak    3.83 GB
[     27.6s]   - evaluate matrix                            live    3.00 GB  peak    3.83 GB  Δlive   +0.00 GB       0.0 s
[     27.6s]   + evaluate matrix                            live    3.00 GB  peak    3.83 GB
[     27.7s]   - evaluate matrix                            live    3.00 GB  peak    3.83 GB  Δlive   +0.00 GB       0.0 s
[     27.7s]   + evaluate matrix                            live    3.00 GB  peak    3.83 GB
[     27.7s]   - evaluate matrix                            live    3.00 GB  peak    3.83 GB  Δlive   +0.00 GB       0.0 s
[     27.7s]   + evaluate matrix                            live    3.00 GB  peak    3.83 GB
[     27.7s]   - evaluate matrix                            live    3.00 GB  peak    3.83 GB  Δlive   +0.00 GB       0.0 s
[     27.7s]   + evaluate matrix                            live    3.00 GB  peak    3.83 GB
[     27.7s]   - evaluate matrix                            live    3.00 GB  peak    3.83 GB  Δlive   +0.00 GB       0.0 s
[     27.7s]   + evaluate matrix                            live    3.00 GB  peak    3.83 GB
[     27.7s]   - evaluate matrix                            live    3.00 GB  peak    3.83 GB  Δlive   +0.00 GB       0.0 s
[     27.7s]   + evaluate matrix                            live    3.00 GB  peak    3.83 GB
[     27.7s]   - evaluate matrix                            live    3.00 GB  peak    3.83 GB  Δlive   +0.00 GB       0.0 s
[     27.7s]   + evaluate matrix                            live    3.00 GB  peak    3.83 GB
[     27.7s]   - evaluate matrix                            live    3.00 GB  peak    3.83 GB  Δlive   +0.00 GB       0.0 s
[     27.7s]   + evaluate matrix                            live    3.00 GB  peak    3.83 GB
[     27.7s]   - evaluate matrix                            live    3.00 GB  peak    3.83 GB  Δlive   +0.00 GB       0.0 s
[     27.7s]   + evaluate matrix                            live    3.00 GB  peak    3.83 GB
[     27.7s]   - evaluate matrix                            live    3.00 GB  peak    3.83 GB  Δlive   +0.00 GB       0.0 s
[     27.7s]   + evaluate matrix                            live    3.00 GB  peak    3.83 GB
[     27.7s]   - evaluate matrix                            live    3.00 GB  peak    3.83 GB  Δlive   +0.00 GB       0.0 s
[     27.7s]   + evaluate matrix                            live    3.00 GB  peak    3.83 GB
[     27.7s]   - evaluate matrix                            live    3.00 GB  peak    3.83 GB  Δlive   +0.00 GB       0.0 s
[     27.7s]   + evaluate matrix                            live    3.00 GB  peak    3.83 GB
[     27.7s]   - evaluate matrix                            live    3.00 GB  peak    3.83 GB  Δlive   +0.00 GB       0.0 s
[     27.7s]   + evaluate matrix                            live    3.00 GB  peak    3.83 GB
[     27.7s]   - evaluate matrix                            live    3.00 GB  peak    3.83 GB  Δlive   +0.00 GB       0.0 s
[     27.7s]   + evaluate matrix                            live    3.00 GB  peak    3.83 GB
[     27.7s]   - evaluate matrix                            live    3.00 GB  peak    3.83 GB  Δlive   +0.00 GB       0.0 s
[     27.7s]   + evaluate matrix                            live    3.00 GB  peak    3.83 GB
[     27.7s]   - evaluate matrix                            live    3.00 GB  peak    3.83 GB  Δlive   +0.00 GB       0.0 s
[     27.7s]   + evaluate matrix                            live    3.00 GB  peak    3.83 GB
[     27.7s]   - evaluate matrix                            live    3.00 GB  peak    3.83 GB  Δlive   +0.00 GB       0.0 s
[     27.7s]   + evaluate matrix                            live    3.00 GB  peak    3.83 GB
[     27.7s]   - evaluate matrix                            live    3.00 GB  peak    3.83 GB  Δlive   +0.00 GB       0.0 s
[     27.7s]   + evaluate matrix                            live    3.00 GB  peak    3.83 GB
[     27.7s]   - evaluate matrix                            live    3.00 GB  peak    3.83 GB  Δlive   +0.00 GB       0.0 s
[     27.7s]   + evaluate matrix                            live    3.00 GB  peak    3.83 GB
[     27.7s]   - evaluate matrix                            live    3.00 GB  peak    3.83 GB  Δlive   +0.00 GB       0.0 s
[     27.7s]   + evaluate matrix                            live    3.00 GB  peak    3.83 GB
[     27.7s]   - evaluate matrix                            live    3.00 GB  peak    3.83 GB  Δlive   +0.00 GB       0.0 s
[     27.7s]   + evaluate matrix                            live    3.00 GB  peak    3.83 GB
[     27.7s]   - evaluate matrix                            live    3.00 GB  peak    3.83 GB  Δlive   +0.00 GB       0.0 s
[     27.7s]   + evaluate matrix                            live    3.00 GB  peak    3.83 GB
[     27.7s]   - evaluate matrix                            live    3.00 GB  peak    3.83 GB  Δlive   +0.00 GB       0.0 s
[     27.7s]   + evaluate matrix                            live    3.00 GB  peak    3.83 GB
[     27.7s]   - evaluate matrix                            live    3.00 GB  peak    3.83 GB  Δlive   +0.00 GB       0.0 s
[     27.7s]   + evaluate matrix                            live    3.00 GB  peak    3.83 GB
[     27.7s]   - evaluate matrix                            live    3.00 GB  peak    3.83 GB  Δlive   +0.00 GB       0.0 s
[     27.7s]   + evaluate matrix                            live    3.00 GB  peak    3.83 GB
[     27.7s]   - evaluate matrix                            live    3.00 GB  peak    3.83 GB  Δlive   +0.00 GB       0.0 s
[     27.7s]   + evaluate matrix                            live    3.00 GB  peak    3.83 GB
[     27.7s]   - evaluate matrix                            live    3.00 GB  peak    3.83 GB  Δlive   +0.00 GB       0.0 s
[     27.7s]   + evaluate matrix                            live    3.00 GB  peak    3.83 GB
[     27.7s]   - evaluate matrix                            live    3.00 GB  peak    3.83 GB  Δlive   +0.00 GB       0.0 s
[     27.7s]   + evaluate matrix                            live    3.00 GB  peak    3.83 GB
[     27.7s]   - evaluate matrix                            live    3.00 GB  peak    3.83 GB  Δlive   +0.00 GB       0.0 s
[     27.7s]   + evaluate matrix                            live    3.00 GB  peak    3.83 GB
[     27.7s]   - evaluate matrix                            live    3.00 GB  peak    3.83 GB  Δlive   +0.00 GB       0.0 s
[     27.7s]   + evaluate matrix                            live    3.00 GB  peak    3.83 GB
[     27.7s]   - evaluate matrix                            live    3.00 GB  peak    3.83 GB  Δlive   +0.00 GB       0.0 s
[     27.7s]   + evaluate matrix                            live    3.00 GB  peak    3.83 GB
[     27.7s]   - evaluate matrix                            live    3.00 GB  peak    3.83 GB  Δlive   +0.00 GB       0.0 s
[     27.7s]   + evaluate matrix                            live    3.00 GB  peak    3.83 GB
[     27.7s]   - evaluate matrix                            live    3.00 GB  peak    3.83 GB  Δlive   +0.00 GB       0.0 s
[     27.7s]   + evaluate matrix                            live    3.00 GB  peak    3.83 GB
[     27.7s]   - evaluate matrix                            live    3.00 GB  peak    3.83 GB  Δlive   +0.00 GB       0.0 s
[     27.7s]   + evaluate matrix                            live    3.00 GB  peak    3.83 GB
[     27.7s]   - evaluate matrix                            live    3.00 GB  peak    3.83 GB  Δlive   +0.00 GB       0.0 s
[     27.7s]   + evaluate matrix                            live    3.00 GB  peak    3.83 GB
[     27.7s]   - evaluate matrix                            live    3.00 GB  peak    3.83 GB  Δlive   +0.00 GB       0.0 s
[     27.7s]   + reduce matrix quotient                     live    3.00 GB  peak    3.83 GB
[     27.7s]   - reduce matrix quotient                     live    3.00 GB  peak    3.83 GB  Δlive   +0.01 GB       0.0 s
[     27.7s]   + reduce matrix quotient                     live    3.00 GB  peak    3.83 GB
[     27.7s]   - reduce matrix quotient                     live    3.00 GB  peak    3.83 GB  Δlive   +0.00 GB       0.0 s
[     27.7s]   + reduce matrix quotient                     live    3.00 GB  peak    3.83 GB
[     27.7s]   - reduce matrix quotient                     live    3.02 GB  peak    3.83 GB  Δlive   +0.02 GB       0.0 s
[     27.7s]   + reduce matrix quotient                     live    3.02 GB  peak    3.83 GB
[     27.7s]   - reduce matrix quotient                     live    3.02 GB  peak    3.83 GB  Δlive   +0.00 GB       0.0 s
[     27.7s]   + reduce matrix quotient                     live    3.02 GB  peak    3.83 GB
[     27.7s]   - reduce matrix quotient                     live    3.02 GB  peak    3.83 GB  Δlive   +0.00 GB       0.0 s
[     27.7s]   + reduce matrix quotient                     live    3.02 GB  peak    3.83 GB
[     27.7s]   - reduce matrix quotient                     live    3.02 GB  peak    3.83 GB  Δlive   +0.00 GB       0.0 s
[     27.7s]   + reduce matrix quotient                     live    3.02 GB  peak    3.83 GB
[     27.7s]   - reduce matrix quotient                     live    3.02 GB  peak    3.83 GB  Δlive   +0.00 GB       0.0 s
[     27.7s]   + reduce matrix quotient                     live    3.02 GB  peak    3.83 GB
[     27.7s]   - reduce matrix quotient                     live    3.02 GB  peak    3.83 GB  Δlive   +0.00 GB       0.0 s
[     27.7s]   + reduce matrix quotient                     live    3.02 GB  peak    3.83 GB
[     27.7s]   - reduce matrix quotient                     live    3.02 GB  peak    3.83 GB  Δlive   +0.00 GB       0.0 s
[     27.7s]   + reduce matrix quotient                     live    3.02 GB  peak    3.83 GB
[     27.8s]   - reduce matrix quotient                     live    3.02 GB  peak    3.83 GB  Δlive   +0.00 GB       0.0 s
[     27.8s]   + reduce matrix quotient                     live    3.02 GB  peak    3.83 GB
[     27.8s]   - reduce matrix quotient                     live    3.02 GB  peak    3.83 GB  Δlive   +0.00 GB       0.0 s
[     27.8s]   + reduce matrix quotient                     live    3.02 GB  peak    3.83 GB
[     27.8s]   - reduce matrix quotient                     live    3.02 GB  peak    3.83 GB  Δlive   +0.00 GB       0.0 s
[     27.8s]   + reduce matrix quotient                     live    3.02 GB  peak    3.83 GB
[     27.8s]   - reduce matrix quotient                     live    3.02 GB  peak    3.83 GB  Δlive   +0.00 GB       0.0 s
[     27.8s]   + reduce matrix quotient                     live    3.02 GB  peak    3.83 GB
[     27.8s]   - reduce matrix quotient                     live    3.02 GB  peak    3.83 GB  Δlive   +0.00 GB       0.0 s
[     27.8s]   + reduce matrix quotient                     live    3.02 GB  peak    3.83 GB
[     27.8s]   - reduce matrix quotient                     live    3.02 GB  peak    3.83 GB  Δlive   +0.00 GB       0.0 s
[     27.8s]   + reduce matrix quotient                     live    3.02 GB  peak    3.83 GB
[     27.8s]   - reduce matrix quotient                     live    3.02 GB  peak    3.83 GB  Δlive   +0.00 GB       0.0 s
[     27.8s]   + reduce matrix quotient                     live    3.02 GB  peak    3.83 GB
[     27.8s]   - reduce matrix quotient                     live    3.02 GB  peak    3.83 GB  Δlive   +0.00 GB       0.0 s
[     27.8s]   + reduce matrix quotient                     live    3.02 GB  peak    3.83 GB
[     27.8s]   - reduce matrix quotient                     live    3.02 GB  peak    3.83 GB  Δlive   +0.00 GB       0.0 s
[     27.8s]   + reduce matrix quotient                     live    3.02 GB  peak    3.83 GB
[     27.8s]   - reduce matrix quotient                     live    3.02 GB  peak    3.83 GB  Δlive   +0.00 GB       0.0 s
[     27.8s]   + reduce matrix quotient                     live    3.02 GB  peak    3.83 GB
[     27.8s]   - reduce matrix quotient                     live    3.02 GB  peak    3.83 GB  Δlive   +0.00 GB       0.0 s
[     27.8s]   + reduce matrix quotient                     live    3.02 GB  peak    3.83 GB
[     27.8s]   - reduce matrix quotient                     live    3.02 GB  peak    3.83 GB  Δlive   +0.00 GB       0.0 s
[     27.8s]   + reduce matrix quotient                     live    3.02 GB  peak    3.83 GB
[     27.8s]   - reduce matrix quotient                     live    3.02 GB  peak    3.83 GB  Δlive   +0.00 GB       0.0 s
[     27.8s]   + reduce matrix quotient                     live    3.02 GB  peak    3.83 GB
[     27.8s]   - reduce matrix quotient                     live    3.02 GB  peak    3.83 GB  Δlive   +0.00 GB       0.0 s
[     27.8s]   + reduce matrix quotient                     live    3.02 GB  peak    3.83 GB
[     27.8s]   - reduce matrix quotient                     live    3.02 GB  peak    3.83 GB  Δlive   +0.00 GB       0.0 s
[     27.8s]   + reduce matrix quotient                     live    3.02 GB  peak    3.83 GB
[     27.8s]   - reduce matrix quotient                     live    3.02 GB  peak    3.83 GB  Δlive   +0.00 GB       0.0 s
[     27.8s]   + reduce matrix quotient                     live    3.02 GB  peak    3.83 GB
[     27.8s]   - reduce matrix quotient                     live    3.02 GB  peak    3.83 GB  Δlive   +0.00 GB       0.0 s
[     27.8s]   + reduce matrix quotient                     live    3.02 GB  peak    3.83 GB
[     27.8s]   - reduce matrix quotient                     live    3.02 GB  peak    3.83 GB  Δlive   +0.00 GB       0.0 s
[     27.8s]   + reduce matrix quotient                     live    3.02 GB  peak    3.83 GB
[     27.8s]   - reduce matrix quotient                     live    3.02 GB  peak    3.83 GB  Δlive   +0.00 GB       0.0 s
[     27.8s]   + reduce matrix quotient                     live    3.02 GB  peak    3.83 GB
[     27.8s]   - reduce matrix quotient                     live    3.02 GB  peak    3.83 GB  Δlive   +0.00 GB       0.0 s
[     27.8s]   + reduce matrix quotient                     live    3.02 GB  peak    3.83 GB
[     27.8s]   - reduce matrix quotient                     live    3.02 GB  peak    3.83 GB  Δlive   +0.00 GB       0.0 s
[     27.8s]   + FRI prover                                 live    3.02 GB  peak    3.83 GB
[     28.6s]   - FRI prover                                 live    3.00 GB  peak    3.83 GB  Δlive   -0.03 GB       0.8 s
[     28.6s] - prove_batch                                live    0.28 GB  peak    3.83 GB  Δlive   +0.07 GB      27.9 s
[     28.7s] + with_zero_cols                             live    0.12 GB  peak    3.83 GB
[     28.7s] - with_zero_cols                             live    0.13 GB  peak    3.83 GB  Δlive   +0.00 GB       0.0 s
[     28.7s] + with_zero_cols                             live    0.13 GB  peak    3.83 GB
[     28.7s] - with_zero_cols                             live    0.13 GB  peak    3.83 GB  Δlive   +0.00 GB       0.0 s
[     28.7s] + coset_lde_batch_with_transform             live    0.13 GB  peak    3.83 GB
[     28.7s]   + reverse_matrix_index_bits                  live    0.13 GB  peak    3.83 GB
[     28.7s]   - reverse_matrix_index_bits                  live    0.13 GB  peak    3.83 GB  Δlive   +0.00 GB       0.0 s
[     28.7s]   + first_half                                 live    0.13 GB  peak    3.83 GB
[     28.7s]   - first_half                                 live    0.13 GB  peak    3.83 GB  Δlive   +0.00 GB       0.0 s
[     28.7s]   + reverse_matrix_index_bits                  live    0.13 GB  peak    3.83 GB
[     28.7s]   - reverse_matrix_index_bits                  live    0.13 GB  peak    3.83 GB  Δlive   +0.00 GB       0.0 s
[     28.7s]   + second_half                                live    0.13 GB  peak    3.83 GB
[     28.7s]   - second_half                                live    0.13 GB  peak    3.83 GB  Δlive   +0.00 GB       0.0 s
[     28.7s]   + reserve_exact                              live    0.13 GB  peak    3.83 GB
[     28.7s]   - reserve_exact                              live    0.14 GB  peak    3.83 GB  Δlive   +0.01 GB       0.0 s
[     28.7s]   + coset_dft_oop                              live    0.14 GB  peak    3.83 GB
[     28.7s]   - coset_dft_oop                              live    0.14 GB  peak    3.83 GB  Δlive   +0.00 GB       0.0 s
[     28.7s]   + coset_dft_oop                              live    0.14 GB  peak    3.83 GB
[     28.7s]   - coset_dft_oop                              live    0.14 GB  peak    3.83 GB  Δlive   +0.00 GB       0.0 s
[     28.7s]   + coset_dft_oop                              live    0.14 GB  peak    3.83 GB
[     28.7s]   - coset_dft_oop                              live    0.14 GB  peak    3.83 GB  Δlive   +0.00 GB       0.0 s
[     28.7s]   + coset_dft                                  live    0.14 GB  peak    3.83 GB
[     28.7s]   - coset_dft                                  live    0.14 GB  peak    3.83 GB  Δlive   +0.00 GB       0.0 s
[     28.7s] - coset_lde_batch_with_transform             live    0.14 GB  peak    3.83 GB  Δlive   +0.02 GB       0.0 s
[     28.7s] + coset_lde_batch_with_transform             live    0.14 GB  peak    3.83 GB
[     28.7s]   + reverse_matrix_index_bits                  live    0.14 GB  peak    3.83 GB
[     28.7s]   - reverse_matrix_index_bits                  live    0.14 GB  peak    3.83 GB  Δlive   +0.00 GB       0.0 s
[     28.7s]   + first_half                                 live    0.14 GB  peak    3.83 GB
[     28.7s]   - first_half                                 live    0.14 GB  peak    3.83 GB  Δlive   +0.00 GB       0.0 s
[     28.7s]   + reverse_matrix_index_bits                  live    0.14 GB  peak    3.83 GB
[     28.7s]   - reverse_matrix_index_bits                  live    0.14 GB  peak    3.83 GB  Δlive   +0.00 GB       0.0 s
[     28.7s]   + second_half                                live    0.14 GB  peak    3.83 GB
[     28.7s]   - second_half                                live    0.14 GB  peak    3.83 GB  Δlive   +0.00 GB       0.0 s
[     28.7s]   + reserve_exact                              live    0.14 GB  peak    3.83 GB
[     28.7s]   - reserve_exact                              live    0.14 GB  peak    3.83 GB  Δlive   +0.00 GB       0.0 s
[     28.7s]   + coset_dft_oop                              live    0.14 GB  peak    3.83 GB
[     28.7s]   - coset_dft_oop                              live    0.14 GB  peak    3.83 GB  Δlive   +0.00 GB       0.0 s
[     28.7s]   + coset_dft_oop                              live    0.14 GB  peak    3.83 GB
[     28.7s]   - coset_dft_oop                              live    0.14 GB  peak    3.83 GB  Δlive   +0.00 GB       0.0 s
[     28.7s]   + coset_dft_oop                              live    0.14 GB  peak    3.83 GB
[     28.7s]   - coset_dft_oop                              live    0.14 GB  peak    3.83 GB  Δlive   +0.00 GB       0.0 s
[     28.7s]   + coset_dft                                  live    0.14 GB  peak    3.83 GB
[     28.7s]   - coset_dft                                  live    0.14 GB  peak    3.83 GB  Δlive   +0.00 GB       0.0 s
[     28.7s] - coset_lde_batch_with_transform             live    0.14 GB  peak    3.83 GB  Δlive   +0.00 GB       0.0 s
[     29.3s] + build merkle tree                          live    0.16 GB  peak    3.83 GB
[     29.3s]   + first digest layer                         live    0.16 GB  peak    3.83 GB
[     29.3s]   - first digest layer                         live    0.18 GB  peak    3.83 GB  Δlive   +0.02 GB       0.0 s
[     29.3s] - build merkle tree                          live    0.19 GB  peak    3.83 GB  Δlive   +0.03 GB       0.1 s
[     29.3s] + infer constraint degree                    live    0.19 GB  peak    3.83 GB
[     29.3s]   + evaluate constraints symbolically          live    0.19 GB  peak    3.83 GB
[     29.3s]   - evaluate constraints symbolically          live    0.19 GB  peak    3.83 GB  Δlive   +0.00 GB       0.0 s
[     29.3s] - infer constraint degree                    live    0.19 GB  peak    3.83 GB  Δlive   +0.00 GB       0.0 s
[     29.3s] + infer constraint degree                    live    0.19 GB  peak    3.83 GB
[     29.3s]   + evaluate constraints symbolically          live    0.19 GB  peak    3.83 GB
[     29.3s]   - evaluate constraints symbolically          live    0.19 GB  peak    3.83 GB  Δlive   +0.00 GB       0.0 s
[     29.3s] - infer constraint degree                    live    0.19 GB  peak    3.83 GB  Δlive   +0.00 GB       0.0 s
[     29.3s] + infer constraint degree                    live    0.19 GB  peak    3.83 GB
[     29.3s]   + evaluate constraints symbolically          live    0.19 GB  peak    3.83 GB
[     29.3s]   - evaluate constraints symbolically          live    0.19 GB  peak    3.83 GB  Δlive   +0.00 GB       0.0 s
[     29.3s] - infer constraint degree                    live    0.19 GB  peak    3.83 GB  Δlive   +0.00 GB       0.0 s
[     29.3s] + infer constraint degree                    live    0.19 GB  peak    3.83 GB
[     29.3s]   + evaluate constraints symbolically          live    0.19 GB  peak    3.83 GB
[     29.3s]   - evaluate constraints symbolically          live    0.19 GB  peak    3.83 GB  Δlive   +0.00 GB       0.0 s
[     29.3s] - infer constraint degree                    live    0.19 GB  peak    3.83 GB  Δlive   +0.00 GB       0.0 s
[     29.3s] + infer constraint degree                    live    0.19 GB  peak    3.83 GB
[     29.3s]   + evaluate constraints symbolically          live    0.19 GB  peak    3.83 GB
[     29.3s]   - evaluate constraints symbolically          live    0.19 GB  peak    3.83 GB  Δlive   +0.00 GB       0.0 s
[     29.3s] - infer constraint degree                    live    0.19 GB  peak    3.83 GB  Δlive   +0.00 GB       0.0 s
[     29.3s] + infer constraint degree                    live    0.19 GB  peak    3.83 GB
[     29.3s]   + evaluate constraints symbolically          live    0.19 GB  peak    3.83 GB
[     29.3s]   - evaluate constraints symbolically          live    0.19 GB  peak    3.83 GB  Δlive   +0.00 GB       0.0 s
[     29.3s] - infer constraint degree                    live    0.19 GB  peak    3.83 GB  Δlive   +0.00 GB       0.0 s
[     29.3s] + infer constraint degree                    live    0.19 GB  peak    3.83 GB
[     29.3s]   + evaluate constraints symbolically          live    0.19 GB  peak    3.83 GB
[     29.3s]   - evaluate constraints symbolically          live    0.19 GB  peak    3.83 GB  Δlive   +0.00 GB       0.0 s
[     29.3s] - infer constraint degree                    live    0.19 GB  peak    3.83 GB  Δlive   +0.00 GB       0.0 s
[     29.3s] + verify_batch                               live    0.12 GB  peak    3.83 GB
[     29.3s]   + infer log of constraint degree             live    0.12 GB  peak    3.83 GB
[     29.3s]   - infer log of constraint degree             live    0.12 GB  peak    3.83 GB  Δlive   +0.00 GB       0.0 s
[     29.3s]   + infer log of constraint degree             live    0.12 GB  peak    3.83 GB
[     29.3s]   - infer log of constraint degree             live    0.12 GB  peak    3.83 GB  Δlive   +0.00 GB       0.0 s
[     29.3s]   + infer log of constraint degree             live    0.12 GB  peak    3.83 GB
[     29.3s]   - infer log of constraint degree             live    0.12 GB  peak    3.83 GB  Δlive   +0.00 GB       0.0 s
[     29.3s]   + infer log of constraint degree             live    0.12 GB  peak    3.83 GB
[     29.3s]   - infer log of constraint degree             live    0.12 GB  peak    3.83 GB  Δlive   +0.00 GB       0.0 s
[     29.3s]   + infer log of constraint degree             live    0.12 GB  peak    3.83 GB
[     29.3s]   - infer log of constraint degree             live    0.12 GB  peak    3.83 GB  Δlive   +0.00 GB       0.0 s
[     29.3s]   + infer log of constraint degree             live    0.12 GB  peak    3.83 GB
[     29.3s]   - infer log of constraint degree             live    0.12 GB  peak    3.83 GB  Δlive   +0.00 GB       0.0 s
[     29.3s]   + infer log of constraint degree             live    0.12 GB  peak    3.83 GB
[     29.3s]   - infer log of constraint degree             live    0.12 GB  peak    3.83 GB  Δlive   +0.00 GB       0.0 s
[     29.3s]   + batch_multiplicative_inverse               live    0.12 GB  peak    3.83 GB
[     29.3s]   - batch_multiplicative_inverse               live    0.12 GB  peak    3.83 GB  Δlive   +0.00 GB       0.0 s
[     29.3s]   + batch_multiplicative_inverse               live    0.12 GB  peak    3.83 GB
[     29.3s]   - batch_multiplicative_inverse               live    0.12 GB  peak    3.83 GB  Δlive   +0.00 GB       0.0 s
[     29.3s]   + batch_multiplicative_inverse               live    0.12 GB  peak    3.83 GB
[     29.3s]   - batch_multiplicative_inverse               live    0.12 GB  peak    3.83 GB  Δlive   +0.00 GB       0.0 s
[     29.3s]   + batch_multiplicative_inverse               live    0.12 GB  peak    3.83 GB
[     29.3s]   - batch_multiplicative_inverse               live    0.12 GB  peak    3.83 GB  Δlive   +0.00 GB       0.0 s
[     29.3s]   + batch_multiplicative_inverse               live    0.12 GB  peak    3.83 GB
[     29.3s]   - batch_multiplicative_inverse               live    0.12 GB  peak    3.83 GB  Δlive   +0.00 GB       0.0 s
[     29.3s]   + batch_multiplicative_inverse               live    0.12 GB  peak    3.83 GB
[     29.3s]   - batch_multiplicative_inverse               live    0.12 GB  peak    3.83 GB  Δlive   +0.00 GB       0.0 s
[     29.3s]   + batch_multiplicative_inverse               live    0.12 GB  peak    3.83 GB
[     29.3s]   - batch_multiplicative_inverse               live    0.12 GB  peak    3.83 GB  Δlive   +0.00 GB       0.0 s
[     29.3s]   + batch_multiplicative_inverse               live    0.12 GB  peak    3.83 GB
[     29.3s]   - batch_multiplicative_inverse               live    0.12 GB  peak    3.83 GB  Δlive   +0.00 GB       0.0 s
[     29.3s]   + batch_multiplicative_inverse               live    0.12 GB  peak    3.83 GB
[     29.3s]   - batch_multiplicative_inverse               live    0.12 GB  peak    3.83 GB  Δlive   +0.00 GB       0.0 s
[     29.3s]   + batch_multiplicative_inverse               live    0.12 GB  peak    3.83 GB
[     29.3s]   - batch_multiplicative_inverse               live    0.12 GB  peak    3.83 GB  Δlive   +0.00 GB       0.0 s
[     29.3s]   + batch_multiplicative_inverse               live    0.12 GB  peak    3.83 GB
[     29.3s]   - batch_multiplicative_inverse               live    0.12 GB  peak    3.83 GB  Δlive   +0.00 GB       0.0 s
[     29.3s]   + batch_multiplicative_inverse               live    0.12 GB  peak    3.83 GB
[     29.3s]   - batch_multiplicative_inverse               live    0.12 GB  peak    3.83 GB  Δlive   +0.00 GB       0.0 s
[     29.3s]   + batch_multiplicative_inverse               live    0.12 GB  peak    3.83 GB
[     29.3s]   - batch_multiplicative_inverse               live    0.12 GB  peak    3.83 GB  Δlive   +0.00 GB       0.0 s
[     29.3s]   + batch_multiplicative_inverse               live    0.12 GB  peak    3.83 GB
[     29.3s]   - batch_multiplicative_inverse               live    0.12 GB  peak    3.83 GB  Δlive   +0.00 GB       0.0 s
[     29.3s]   + batch_multiplicative_inverse               live    0.12 GB  peak    3.83 GB
[     29.3s]   - batch_multiplicative_inverse               live    0.12 GB  peak    3.83 GB  Δlive   +0.00 GB       0.0 s
[     29.3s]   + batch_multiplicative_inverse               live    0.12 GB  peak    3.83 GB
[     29.3s]   - batch_multiplicative_inverse               live    0.12 GB  peak    3.83 GB  Δlive   +0.00 GB       0.0 s
[     29.3s]   + batch_multiplicative_inverse               live    0.12 GB  peak    3.83 GB
[     29.3s]   - batch_multiplicative_inverse               live    0.12 GB  peak    3.83 GB  Δlive   +0.00 GB       0.0 s
[     29.3s]   + batch_multiplicative_inverse               live    0.12 GB  peak    3.83 GB
[     29.3s]   - batch_multiplicative_inverse               live    0.12 GB  peak    3.83 GB  Δlive   +0.00 GB       0.0 s
[     29.3s]   + batch_multiplicative_inverse               live    0.12 GB  peak    3.83 GB
[     29.3s]   - batch_multiplicative_inverse               live    0.12 GB  peak    3.83 GB  Δlive   +0.00 GB       0.0 s
[     29.3s]   + batch_multiplicative_inverse               live    0.12 GB  peak    3.83 GB
[     29.3s]   - batch_multiplicative_inverse               live    0.12 GB  peak    3.83 GB  Δlive   +0.00 GB       0.0 s
[     29.3s]   + batch_multiplicative_inverse               live    0.12 GB  peak    3.83 GB
[     29.3s]   - batch_multiplicative_inverse               live    0.12 GB  peak    3.83 GB  Δlive   +0.00 GB       0.0 s
[     29.3s]   + batch_multiplicative_inverse               live    0.12 GB  peak    3.83 GB
[     29.3s]   - batch_multiplicative_inverse               live    0.12 GB  peak    3.83 GB  Δlive   +0.00 GB       0.0 s
[     29.3s]   + batch_multiplicative_inverse               live    0.12 GB  peak    3.83 GB
[     29.3s]   - batch_multiplicative_inverse               live    0.12 GB  peak    3.83 GB  Δlive   +0.00 GB       0.0 s
[     29.3s]   + batch_multiplicative_inverse               live    0.12 GB  peak    3.83 GB
[     29.3s]   - batch_multiplicative_inverse               live    0.12 GB  peak    3.83 GB  Δlive   +0.00 GB       0.0 s
[     29.3s]   + batch_multiplicative_inverse               live    0.12 GB  peak    3.83 GB
[     29.3s]   - batch_multiplicative_inverse               live    0.12 GB  peak    3.83 GB  Δlive   +0.00 GB       0.0 s
[     29.3s]   + batch_multiplicative_inverse               live    0.12 GB  peak    3.83 GB
[     29.3s]   - batch_multiplicative_inverse               live    0.12 GB  peak    3.83 GB  Δlive   +0.00 GB       0.0 s
[     29.3s]   + batch_multiplicative_inverse               live    0.12 GB  peak    3.83 GB
[     29.3s]   - batch_multiplicative_inverse               live    0.12 GB  peak    3.83 GB  Δlive   +0.00 GB       0.0 s
[     29.3s]   + batch_multiplicative_inverse               live    0.12 GB  peak    3.83 GB
[     29.3s]   - batch_multiplicative_inverse               live    0.12 GB  peak    3.83 GB  Δlive   +0.00 GB       0.0 s
[     29.3s]   + batch_multiplicative_inverse               live    0.12 GB  peak    3.83 GB
[     29.3s]   - batch_multiplicative_inverse               live    0.12 GB  peak    3.83 GB  Δlive   +0.00 GB       0.0 s
[     29.3s]   + batch_multiplicative_inverse               live    0.12 GB  peak    3.83 GB
[     29.3s]   - batch_multiplicative_inverse               live    0.12 GB  peak    3.83 GB  Δlive   +0.00 GB       0.0 s
[     29.3s]   + batch_multiplicative_inverse               live    0.12 GB  peak    3.83 GB
[     29.3s]   - batch_multiplicative_inverse               live    0.12 GB  peak    3.83 GB  Δlive   +0.00 GB       0.0 s
[     29.3s]   + batch_multiplicative_inverse               live    0.12 GB  peak    3.83 GB
[     29.3s]   - batch_multiplicative_inverse               live    0.12 GB  peak    3.83 GB  Δlive   +0.00 GB       0.0 s
[     29.3s]   + batch_multiplicative_inverse               live    0.12 GB  peak    3.83 GB
[     29.3s]   - batch_multiplicative_inverse               live    0.12 GB  peak    3.83 GB  Δlive   +0.00 GB       0.0 s
[     29.3s]   + batch_multiplicative_inverse               live    0.12 GB  peak    3.83 GB
[     29.3s]   - batch_multiplicative_inverse               live    0.12 GB  peak    3.83 GB  Δlive   +0.00 GB       0.0 s
[     29.3s]   + batch_multiplicative_inverse               live    0.12 GB  peak    3.83 GB
[     29.3s]   - batch_multiplicative_inverse               live    0.12 GB  peak    3.83 GB  Δlive   +0.00 GB       0.0 s
[     29.3s]   + batch_multiplicative_inverse               live    0.12 GB  peak    3.83 GB
[     29.3s]   - batch_multiplicative_inverse               live    0.12 GB  peak    3.83 GB  Δlive   +0.00 GB       0.0 s
[     29.3s]   + batch_multiplicative_inverse               live    0.12 GB  peak    3.83 GB
[     29.3s]   - batch_multiplicative_inverse               live    0.12 GB  peak    3.83 GB  Δlive   +0.00 GB       0.0 s
[     29.3s]   + batch_multiplicative_inverse               live    0.12 GB  peak    3.83 GB
[     29.3s]   - batch_multiplicative_inverse               live    0.12 GB  peak    3.83 GB  Δlive   +0.00 GB       0.0 s
[     29.3s]   + batch_multiplicative_inverse               live    0.12 GB  peak    3.83 GB
[     29.3s]   - batch_multiplicative_inverse               live    0.12 GB  peak    3.83 GB  Δlive   +0.00 GB       0.0 s
[     29.3s]   + batch_multiplicative_inverse               live    0.12 GB  peak    3.83 GB
[     29.3s]   - batch_multiplicative_inverse               live    0.12 GB  peak    3.83 GB  Δlive   +0.00 GB       0.0 s
[     29.3s]   + batch_multiplicative_inverse               live    0.12 GB  peak    3.83 GB
[     29.3s]   - batch_multiplicative_inverse               live    0.12 GB  peak    3.83 GB  Δlive   +0.00 GB       0.0 s
[     29.3s]   + batch_multiplicative_inverse               live    0.12 GB  peak    3.83 GB
[     29.3s]   - batch_multiplicative_inverse               live    0.12 GB  peak    3.83 GB  Δlive   +0.00 GB       0.0 s
[     29.3s]   + batch_multiplicative_inverse               live    0.12 GB  peak    3.83 GB
[     29.3s]   - batch_multiplicative_inverse               live    0.12 GB  peak    3.83 GB  Δlive   +0.00 GB       0.0 s
[     29.3s]   + batch_multiplicative_inverse               live    0.12 GB  peak    3.83 GB
[     29.3s]   - batch_multiplicative_inverse               live    0.12 GB  peak    3.83 GB  Δlive   +0.00 GB       0.0 s
[     29.3s]   + batch_multiplicative_inverse               live    0.12 GB  peak    3.83 GB
[     29.3s]   - batch_multiplicative_inverse               live    0.12 GB  peak    3.83 GB  Δlive   +0.00 GB       0.0 s
[     29.3s]   + batch_multiplicative_inverse               live    0.12 GB  peak    3.83 GB
[     29.3s]   - batch_multiplicative_inverse               live    0.12 GB  peak    3.83 GB  Δlive   +0.00 GB       0.0 s
[     29.3s]   + batch_multiplicative_inverse               live    0.12 GB  peak    3.83 GB
[     29.3s]   - batch_multiplicative_inverse               live    0.12 GB  peak    3.83 GB  Δlive   +0.00 GB       0.0 s
[     29.3s]   + batch_multiplicative_inverse               live    0.12 GB  peak    3.83 GB
[     29.3s]   - batch_multiplicative_inverse               live    0.12 GB  peak    3.83 GB  Δlive   +0.00 GB       0.0 s
[     29.3s]   + batch_multiplicative_inverse               live    0.12 GB  peak    3.83 GB
[     29.3s]   - batch_multiplicative_inverse               live    0.12 GB  peak    3.83 GB  Δlive   +0.00 GB       0.0 s
[     29.3s]   + batch_multiplicative_inverse               live    0.12 GB  peak    3.83 GB
[     29.3s]   - batch_multiplicative_inverse               live    0.12 GB  peak    3.83 GB  Δlive   +0.00 GB       0.0 s
[     29.3s]   + batch_multiplicative_inverse               live    0.12 GB  peak    3.83 GB
[     29.3s]   - batch_multiplicative_inverse               live    0.12 GB  peak    3.83 GB  Δlive   +0.00 GB       0.0 s
[     29.3s]   + batch_multiplicative_inverse               live    0.12 GB  peak    3.83 GB
[     29.3s]   - batch_multiplicative_inverse               live    0.12 GB  peak    3.83 GB  Δlive   +0.00 GB       0.0 s
[     29.3s]   + batch_multiplicative_inverse               live    0.12 GB  peak    3.83 GB
[     29.3s]   - batch_multiplicative_inverse               live    0.12 GB  peak    3.83 GB  Δlive   +0.00 GB       0.0 s
[     29.3s]   + batch_multiplicative_inverse               live    0.12 GB  peak    3.83 GB
[     29.3s]   - batch_multiplicative_inverse               live    0.12 GB  peak    3.83 GB  Δlive   +0.00 GB       0.0 s
[     29.3s]   + batch_multiplicative_inverse               live    0.12 GB  peak    3.83 GB
[     29.3s]   - batch_multiplicative_inverse               live    0.12 GB  peak    3.83 GB  Δlive   +0.00 GB       0.0 s
[     29.3s]   + batch_multiplicative_inverse               live    0.12 GB  peak    3.83 GB
[     29.3s]   - batch_multiplicative_inverse               live    0.12 GB  peak    3.83 GB  Δlive   +0.00 GB       0.0 s
[     29.3s]   + batch_multiplicative_inverse               live    0.12 GB  peak    3.83 GB
[     29.3s]   - batch_multiplicative_inverse               live    0.12 GB  peak    3.83 GB  Δlive   +0.00 GB       0.0 s
[     29.3s]   + batch_multiplicative_inverse               live    0.12 GB  peak    3.83 GB
[     29.3s]   - batch_multiplicative_inverse               live    0.12 GB  peak    3.83 GB  Δlive   +0.00 GB       0.0 s
[     29.3s]   + batch_multiplicative_inverse               live    0.12 GB  peak    3.83 GB
[     29.3s]   - batch_multiplicative_inverse               live    0.12 GB  peak    3.83 GB  Δlive   +0.00 GB       0.0 s
[     29.3s]   + batch_multiplicative_inverse               live    0.12 GB  peak    3.83 GB
[     29.3s]   - batch_multiplicative_inverse               live    0.12 GB  peak    3.83 GB  Δlive   +0.00 GB       0.0 s
[     29.3s]   + batch_multiplicative_inverse               live    0.12 GB  peak    3.83 GB
[     29.3s]   - batch_multiplicative_inverse               live    0.12 GB  peak    3.83 GB  Δlive   +0.00 GB       0.0 s
[     29.3s]   + batch_multiplicative_inverse               live    0.12 GB  peak    3.83 GB
[     29.3s]   - batch_multiplicative_inverse               live    0.12 GB  peak    3.83 GB  Δlive   +0.00 GB       0.0 s
[     29.3s]   + batch_multiplicative_inverse               live    0.12 GB  peak    3.83 GB
[     29.3s]   - batch_multiplicative_inverse               live    0.12 GB  peak    3.83 GB  Δlive   +0.00 GB       0.0 s
[     29.3s]   + batch_multiplicative_inverse               live    0.12 GB  peak    3.83 GB
[     29.3s]   - batch_multiplicative_inverse               live    0.12 GB  peak    3.83 GB  Δlive   +0.00 GB       0.0 s
[     29.3s]   + batch_multiplicative_inverse               live    0.12 GB  peak    3.83 GB
[     29.3s]   - batch_multiplicative_inverse               live    0.12 GB  peak    3.83 GB  Δlive   +0.00 GB       0.0 s
[     29.3s]   + batch_multiplicative_inverse               live    0.12 GB  peak    3.83 GB
[     29.3s]   - batch_multiplicative_inverse               live    0.12 GB  peak    3.83 GB  Δlive   +0.00 GB       0.0 s
[     29.3s]   + batch_multiplicative_inverse               live    0.12 GB  peak    3.83 GB
[     29.3s]   - batch_multiplicative_inverse               live    0.12 GB  peak    3.83 GB  Δlive   +0.00 GB       0.0 s
[     29.3s]   + batch_multiplicative_inverse               live    0.12 GB  peak    3.83 GB
[     29.3s]   - batch_multiplicative_inverse               live    0.12 GB  peak    3.83 GB  Δlive   +0.00 GB       0.0 s
[     29.3s]   + batch_multiplicative_inverse               live    0.12 GB  peak    3.83 GB
[     29.3s]   - batch_multiplicative_inverse               live    0.12 GB  peak    3.83 GB  Δlive   +0.00 GB       0.0 s
[     29.3s]   + batch_multiplicative_inverse               live    0.12 GB  peak    3.83 GB
[     29.3s]   - batch_multiplicative_inverse               live    0.12 GB  peak    3.83 GB  Δlive   +0.00 GB       0.0 s
[     29.3s]   + batch_multiplicative_inverse               live    0.12 GB  peak    3.83 GB
[     29.3s]   - batch_multiplicative_inverse               live    0.12 GB  peak    3.83 GB  Δlive   +0.00 GB       0.0 s
[     29.3s]   + batch_multiplicative_inverse               live    0.12 GB  peak    3.83 GB
[     29.3s]   - batch_multiplicative_inverse               live    0.12 GB  peak    3.83 GB  Δlive   +0.00 GB       0.0 s
[     29.3s]   + batch_multiplicative_inverse               live    0.12 GB  peak    3.83 GB
[     29.3s]   - batch_multiplicative_inverse               live    0.12 GB  peak    3.83 GB  Δlive   +0.00 GB       0.0 s
[     29.3s]   + batch_multiplicative_inverse               live    0.12 GB  peak    3.83 GB
[     29.3s]   - batch_multiplicative_inverse               live    0.12 GB  peak    3.83 GB  Δlive   +0.00 GB       0.0 s
[     29.3s]   + batch_multiplicative_inverse               live    0.12 GB  peak    3.83 GB
[     29.3s]   - batch_multiplicative_inverse               live    0.12 GB  peak    3.83 GB  Δlive   +0.00 GB       0.0 s
[     29.3s]   + batch_multiplicative_inverse               live    0.12 GB  peak    3.83 GB
[     29.3s]   - batch_multiplicative_inverse               live    0.12 GB  peak    3.83 GB  Δlive   +0.00 GB       0.0 s
[     29.3s]   + batch_multiplicative_inverse               live    0.12 GB  peak    3.83 GB
[     29.3s]   - batch_multiplicative_inverse               live    0.12 GB  peak    3.83 GB  Δlive   +0.00 GB       0.0 s
[     29.3s]   + batch_multiplicative_inverse               live    0.12 GB  peak    3.83 GB
[     29.3s]   - batch_multiplicative_inverse               live    0.12 GB  peak    3.83 GB  Δlive   +0.00 GB       0.0 s
[     29.3s]   + batch_multiplicative_inverse               live    0.12 GB  peak    3.83 GB
[     29.3s]   - batch_multiplicative_inverse               live    0.12 GB  peak    3.83 GB  Δlive   +0.00 GB       0.0 s
[     29.3s]   + batch_multiplicative_inverse               live    0.12 GB  peak    3.83 GB
[     29.3s]   - batch_multiplicative_inverse               live    0.12 GB  peak    3.83 GB  Δlive   +0.00 GB       0.0 s
[     29.3s]   + batch_multiplicative_inverse               live    0.12 GB  peak    3.83 GB
[     29.3s]   - batch_multiplicative_inverse               live    0.12 GB  peak    3.83 GB  Δlive   +0.00 GB       0.0 s
[     29.3s]   + batch_multiplicative_inverse               live    0.12 GB  peak    3.83 GB
[     29.3s]   - batch_multiplicative_inverse               live    0.12 GB  peak    3.83 GB  Δlive   +0.00 GB       0.0 s
[     29.3s]   + batch_multiplicative_inverse               live    0.12 GB  peak    3.83 GB
[     29.3s]   - batch_multiplicative_inverse               live    0.12 GB  peak    3.83 GB  Δlive   +0.00 GB       0.0 s
[     29.3s]   + batch_multiplicative_inverse               live    0.12 GB  peak    3.83 GB
[     29.3s]   - batch_multiplicative_inverse               live    0.12 GB  peak    3.83 GB  Δlive   +0.00 GB       0.0 s
[     29.3s]   + batch_multiplicative_inverse               live    0.12 GB  peak    3.83 GB
[     29.3s]   - batch_multiplicative_inverse               live    0.12 GB  peak    3.83 GB  Δlive   +0.00 GB       0.0 s
[     29.3s]   + batch_multiplicative_inverse               live    0.12 GB  peak    3.83 GB
[     29.3s]   - batch_multiplicative_inverse               live    0.12 GB  peak    3.83 GB  Δlive   +0.00 GB       0.0 s
[     29.3s]   + batch_multiplicative_inverse               live    0.12 GB  peak    3.83 GB
[     29.3s]   - batch_multiplicative_inverse               live    0.12 GB  peak    3.83 GB  Δlive   +0.00 GB       0.0 s
[     29.3s]   + batch_multiplicative_inverse               live    0.12 GB  peak    3.83 GB
[     29.3s]   - batch_multiplicative_inverse               live    0.12 GB  peak    3.83 GB  Δlive   +0.00 GB       0.0 s
[     29.3s]   + batch_multiplicative_inverse               live    0.12 GB  peak    3.83 GB
[     29.3s]   - batch_multiplicative_inverse               live    0.12 GB  peak    3.83 GB  Δlive   +0.00 GB       0.0 s
[     29.3s]   + batch_multiplicative_inverse               live    0.12 GB  peak    3.83 GB
[     29.3s]   - batch_multiplicative_inverse               live    0.12 GB  peak    3.83 GB  Δlive   +0.00 GB       0.0 s
[     29.3s]   + batch_multiplicative_inverse               live    0.12 GB  peak    3.83 GB
[     29.3s]   - batch_multiplicative_inverse               live    0.12 GB  peak    3.83 GB  Δlive   +0.00 GB       0.0 s
[     29.3s]   + batch_multiplicative_inverse               live    0.12 GB  peak    3.83 GB
[     29.3s]   - batch_multiplicative_inverse               live    0.12 GB  peak    3.83 GB  Δlive   +0.00 GB       0.0 s
[     29.3s]   + batch_multiplicative_inverse               live    0.12 GB  peak    3.83 GB
[     29.3s]   - batch_multiplicative_inverse               live    0.12 GB  peak    3.83 GB  Δlive   +0.00 GB       0.0 s
[     29.3s]   + batch_multiplicative_inverse               live    0.12 GB  peak    3.83 GB
[     29.3s]   - batch_multiplicative_inverse               live    0.12 GB  peak    3.83 GB  Δlive   +0.00 GB       0.0 s
[     29.3s]   + batch_multiplicative_inverse               live    0.12 GB  peak    3.83 GB
[     29.3s]   - batch_multiplicative_inverse               live    0.12 GB  peak    3.83 GB  Δlive   +0.00 GB       0.0 s
[     29.3s]   + batch_multiplicative_inverse               live    0.12 GB  peak    3.83 GB
[     29.3s]   - batch_multiplicative_inverse               live    0.12 GB  peak    3.83 GB  Δlive   +0.00 GB       0.0 s
[     29.3s]   + batch_multiplicative_inverse               live    0.12 GB  peak    3.83 GB
[     29.3s]   - batch_multiplicative_inverse               live    0.12 GB  peak    3.83 GB  Δlive   +0.00 GB       0.0 s
[     29.3s]   + batch_multiplicative_inverse               live    0.12 GB  peak    3.83 GB
[     29.3s]   - batch_multiplicative_inverse               live    0.12 GB  peak    3.83 GB  Δlive   +0.00 GB       0.0 s
[     29.3s]   + batch_multiplicative_inverse               live    0.12 GB  peak    3.83 GB
[     29.3s]   - batch_multiplicative_inverse               live    0.12 GB  peak    3.83 GB  Δlive   +0.00 GB       0.0 s
[     29.3s]   + batch_multiplicative_inverse               live    0.12 GB  peak    3.83 GB
[     29.3s]   - batch_multiplicative_inverse               live    0.12 GB  peak    3.83 GB  Δlive   +0.00 GB       0.0 s
[     29.3s]   + batch_multiplicative_inverse               live    0.12 GB  peak    3.83 GB
[     29.3s]   - batch_multiplicative_inverse               live    0.12 GB  peak    3.83 GB  Δlive   +0.00 GB       0.0 s
[     29.3s]   + batch_multiplicative_inverse               live    0.12 GB  peak    3.83 GB
[     29.3s]   - batch_multiplicative_inverse               live    0.12 GB  peak    3.83 GB  Δlive   +0.00 GB       0.0 s
[     29.3s]   + batch_multiplicative_inverse               live    0.12 GB  peak    3.83 GB
[     29.3s]   - batch_multiplicative_inverse               live    0.12 GB  peak    3.83 GB  Δlive   +0.00 GB       0.0 s
[     29.3s]   + batch_multiplicative_inverse               live    0.12 GB  peak    3.83 GB
[     29.3s]   - batch_multiplicative_inverse               live    0.12 GB  peak    3.83 GB  Δlive   +0.00 GB       0.0 s
[     29.3s]   + batch_multiplicative_inverse               live    0.12 GB  peak    3.83 GB
[     29.3s]   - batch_multiplicative_inverse               live    0.12 GB  peak    3.83 GB  Δlive   +0.00 GB       0.0 s
[     29.3s]   + batch_multiplicative_inverse               live    0.12 GB  peak    3.83 GB
[     29.3s]   - batch_multiplicative_inverse               live    0.12 GB  peak    3.83 GB  Δlive   +0.00 GB       0.0 s
[     29.3s]   + batch_multiplicative_inverse               live    0.12 GB  peak    3.83 GB
[     29.3s]   - batch_multiplicative_inverse               live    0.12 GB  peak    3.83 GB  Δlive   +0.00 GB       0.0 s
[     29.3s]   + batch_multiplicative_inverse               live    0.12 GB  peak    3.83 GB
[     29.3s]   - batch_multiplicative_inverse               live    0.12 GB  peak    3.83 GB  Δlive   +0.00 GB       0.0 s
[     29.3s]   + batch_multiplicative_inverse               live    0.12 GB  peak    3.83 GB
[     29.3s]   - batch_multiplicative_inverse               live    0.12 GB  peak    3.83 GB  Δlive   +0.00 GB       0.0 s
[     29.3s]   + batch_multiplicative_inverse               live    0.12 GB  peak    3.83 GB
[     29.3s]   - batch_multiplicative_inverse               live    0.12 GB  peak    3.83 GB  Δlive   +0.00 GB       0.0 s
[     29.3s]   + batch_multiplicative_inverse               live    0.12 GB  peak    3.83 GB
[     29.3s]   - batch_multiplicative_inverse               live    0.12 GB  peak    3.83 GB  Δlive   +0.00 GB       0.0 s
[     29.3s]   + batch_multiplicative_inverse               live    0.12 GB  peak    3.83 GB
[     29.3s]   - batch_multiplicative_inverse               live    0.12 GB  peak    3.83 GB  Δlive   +0.00 GB       0.0 s
[     29.3s]   + batch_multiplicative_inverse               live    0.12 GB  peak    3.83 GB
[     29.3s]   - batch_multiplicative_inverse               live    0.12 GB  peak    3.83 GB  Δlive   +0.00 GB       0.0 s
[     29.3s]   + batch_multiplicative_inverse               live    0.12 GB  peak    3.83 GB
[     29.3s]   - batch_multiplicative_inverse               live    0.12 GB  peak    3.83 GB  Δlive   +0.00 GB       0.0 s
[     29.3s]   + batch_multiplicative_inverse               live    0.12 GB  peak    3.83 GB
[     29.3s]   - batch_multiplicative_inverse               live    0.12 GB  peak    3.83 GB  Δlive   +0.00 GB       0.0 s
[     29.3s]   + batch_multiplicative_inverse               live    0.12 GB  peak    3.83 GB
[     29.3s]   - batch_multiplicative_inverse               live    0.12 GB  peak    3.83 GB  Δlive   +0.00 GB       0.0 s
[     29.3s]   + batch_multiplicative_inverse               live    0.12 GB  peak    3.83 GB
[     29.3s]   - batch_multiplicative_inverse               live    0.12 GB  peak    3.83 GB  Δlive   +0.00 GB       0.0 s
[     29.3s]   + batch_multiplicative_inverse               live    0.12 GB  peak    3.83 GB
[     29.3s]   - batch_multiplicative_inverse               live    0.12 GB  peak    3.83 GB  Δlive   +0.00 GB       0.0 s
[     29.3s]   + batch_multiplicative_inverse               live    0.12 GB  peak    3.83 GB
[     29.3s]   - batch_multiplicative_inverse               live    0.12 GB  peak    3.83 GB  Δlive   +0.00 GB       0.0 s
[     29.3s]   + batch_multiplicative_inverse               live    0.12 GB  peak    3.83 GB
[     29.3s]   - batch_multiplicative_inverse               live    0.12 GB  peak    3.83 GB  Δlive   +0.00 GB       0.0 s
[     29.3s]   + batch_multiplicative_inverse               live    0.12 GB  peak    3.83 GB
[     29.3s]   - batch_multiplicative_inverse               live    0.12 GB  peak    3.83 GB  Δlive   +0.00 GB       0.0 s
[     29.3s]   + batch_multiplicative_inverse               live    0.12 GB  peak    3.83 GB
[     29.3s]   - batch_multiplicative_inverse               live    0.12 GB  peak    3.83 GB  Δlive   +0.00 GB       0.0 s
[     29.3s]   + batch_multiplicative_inverse               live    0.12 GB  peak    3.83 GB
[     29.3s]   - batch_multiplicative_inverse               live    0.12 GB  peak    3.83 GB  Δlive   +0.00 GB       0.0 s
[     29.3s]   + batch_multiplicative_inverse               live    0.12 GB  peak    3.83 GB
[     29.3s]   - batch_multiplicative_inverse               live    0.12 GB  peak    3.83 GB  Δlive   +0.00 GB       0.0 s
[     29.3s]   + batch_multiplicative_inverse               live    0.12 GB  peak    3.83 GB
[     29.3s]   - batch_multiplicative_inverse               live    0.12 GB  peak    3.83 GB  Δlive   +0.00 GB       0.0 s
[     29.3s]   + batch_multiplicative_inverse               live    0.12 GB  peak    3.83 GB
[     29.3s]   - batch_multiplicative_inverse               live    0.12 GB  peak    3.83 GB  Δlive   +0.00 GB       0.0 s
[     29.3s]   + batch_multiplicative_inverse               live    0.12 GB  peak    3.83 GB
[     29.3s]   - batch_multiplicative_inverse               live    0.12 GB  peak    3.83 GB  Δlive   +0.00 GB       0.0 s
[     29.3s]   + batch_multiplicative_inverse               live    0.12 GB  peak    3.83 GB
[     29.3s]   - batch_multiplicative_inverse               live    0.12 GB  peak    3.83 GB  Δlive   +0.00 GB       0.0 s
[     29.3s]   + batch_multiplicative_inverse               live    0.12 GB  peak    3.83 GB
[     29.3s]   - batch_multiplicative_inverse               live    0.12 GB  peak    3.83 GB  Δlive   +0.00 GB       0.0 s
[     29.3s]   + verify constraints                         live    0.12 GB  peak    3.83 GB
[     29.3s]   - verify constraints                         live    0.12 GB  peak    3.83 GB  Δlive   +0.00 GB       0.0 s
[     29.3s]   + verify constraints                         live    0.12 GB  peak    3.83 GB
[     29.3s]   - verify constraints                         live    0.12 GB  peak    3.83 GB  Δlive   +0.00 GB       0.0 s
[     29.3s]   + verify constraints                         live    0.12 GB  peak    3.83 GB
[     29.3s]   - verify constraints                         live    0.12 GB  peak    3.83 GB  Δlive   +0.00 GB       0.0 s
[     29.3s]   + verify constraints                         live    0.12 GB  peak    3.83 GB
[     29.3s]   - verify constraints                         live    0.12 GB  peak    3.83 GB  Δlive   +0.00 GB       0.0 s
[     29.3s]   + verify constraints                         live    0.12 GB  peak    3.83 GB
[     29.3s]   - verify constraints                         live    0.12 GB  peak    3.83 GB  Δlive   +0.00 GB       0.0 s
[     29.3s]   + verify constraints                         live    0.12 GB  peak    3.83 GB
[     29.3s]   - verify constraints                         live    0.12 GB  peak    3.83 GB  Δlive   +0.00 GB       0.0 s
[     29.3s]   + verify constraints                         live    0.12 GB  peak    3.83 GB
[     29.3s]   - verify constraints                         live    0.12 GB  peak    3.83 GB  Δlive   +0.00 GB       0.0 s
[     29.3s] - verify_batch                               live    0.12 GB  peak    3.83 GB  Δlive   +0.00 GB       0.0 s
== tier16 synthetic: 63762 rows, tier 16, proof 218962 B, prove 28.6 s; peak live heap 3.83 GB, live now 0.12 GB, rss now 3.25 GB, wall 29.4 s
test tier16_synthetic_threads ... ok

test result: ok. 1 passed; 0 failed; 0 ignored; 0 measured; 2 filtered out; finished in 29.38s

